04-25 13:32:20.974 14520 14542 I TestRunner: started: testNumber(com.example.parcial2.Fibonacci_IU)
04-25 13:32:20.987 14520 14542 W Settings: Setting always_finish_activities has moved from android.provider.Settings.System to android.provider.Settings.Global, returning read-only value.
04-25 13:32:20.997   544   590 D EventSequenceValidator: Transition from ACTIVITY_CANCELLED to INTENT_STARTED
04-25 13:32:20.999   415   415 I perfetto: ing_service_impl.cc:758 Configured tracing session 15, #sources:1, duration:5000 ms, #buffers:1, total buffer size:4096 KB, total sessions:1, uid:1071 session name: ""
04-25 13:32:21.000   412   412 I perfetto: probes_producer.cc:230  Ftrace setup (target_buf=15)
04-25 13:32:21.010   544   590 D EventSequenceValidator: Transition from INTENT_STARTED to ACTIVITY_LAUNCHED
04-25 13:32:21.018   544  3220 W InputReader: Device virtio_input_multi_touch_9 is associated with display ADISPLAY_ID_NONE.
04-25 13:32:21.018   544  3220 W InputReader: Device virtio_input_multi_touch_7 is associated with display ADISPLAY_ID_NONE.
04-25 13:32:21.018   544  3220 W InputReader: Device virtio_input_multi_touch_10 is associated with display ADISPLAY_ID_NONE.
04-25 13:32:21.018   544  3220 W InputReader: Device virtio_input_multi_touch_4 is associated with display ADISPLAY_ID_NONE.
04-25 13:32:21.018   544  3220 W InputReader: Device virtio_input_multi_touch_11 is associated with display ADISPLAY_ID_NONE.
04-25 13:32:21.018   544  3220 W InputReader: Device virtio_input_multi_touch_6 is associated with display ADISPLAY_ID_NONE.
04-25 13:32:21.018   544  3220 W InputReader: Device virtio_input_multi_touch_5 is associated with display ADISPLAY_ID_NONE.
04-25 13:32:21.018   544  3220 W InputReader: Device virtio_input_multi_touch_3 is associated with display ADISPLAY_ID_NONE.
04-25 13:32:21.018   544  3220 W InputReader: Device virtio_input_multi_touch_2 is associated with display ADISPLAY_ID_NONE.
04-25 13:32:21.018   544  3220 W InputReader: Device virtio_input_multi_touch_8 is associated with display ADISPLAY_ID_NONE.
04-25 13:32:21.018   544  3220 W InputReader: Device virtio_input_multi_touch_9 is associated with display ADISPLAY_ID_NONE.
04-25 13:32:21.018   544  3220 W InputReader: Device virtio_input_multi_touch_7 is associated with display ADISPLAY_ID_NONE.
04-25 13:32:21.018   544  3220 W InputReader: Device virtio_input_multi_touch_10 is associated with display ADISPLAY_ID_NONE.
04-25 13:32:21.018   544  3220 W InputReader: Device virtio_input_multi_touch_4 is associated with display ADISPLAY_ID_NONE.
04-25 13:32:21.018   544  3220 W InputReader: Device virtio_input_multi_touch_11 is associated with display ADISPLAY_ID_NONE.
04-25 13:32:21.018   544  3220 W InputReader: Device virtio_input_multi_touch_6 is associated with display ADISPLAY_ID_NONE.
04-25 13:32:21.019   544  3220 W InputReader: Device virtio_input_multi_touch_5 is associated with display ADISPLAY_ID_NONE.
04-25 13:32:21.019   544  3220 W InputReader: Device virtio_input_multi_touch_3 is associated with display ADISPLAY_ID_NONE.
04-25 13:32:21.019   544  3220 W InputReader: Device virtio_input_multi_touch_2 is associated with display ADISPLAY_ID_NONE.
04-25 13:32:21.019   544  3220 W InputReader: Device virtio_input_multi_touch_8 is associated with display ADISPLAY_ID_NONE.
04-25 13:32:21.027   412   412 I perfetto: ftrace_procfs.cc:176    enabled ftrace
04-25 13:32:21.031   324   324 D goldfish-address-space: claimShared: Ask to claim region [0x3f6a09000 0x3f73ed000]
04-25 13:32:21.078 14520 14551 D libEGL  : loaded /vendor/lib/egl/libEGL_emulation.so
04-25 13:32:21.083 14520 14551 D libEGL  : loaded /vendor/lib/egl/libGLESv1_CM_emulation.so
04-25 13:32:21.087 14520 14551 D libEGL  : loaded /vendor/lib/egl/libGLESv2_emulation.so
04-25 13:32:21.139   324   324 D goldfish-address-space: claimShared: Ask to claim region [0x3f7666000 0x3f78df000]
04-25 13:32:21.144   544  4457 D HostConnection: HostConnection::get() New Host Connection established 0xf1affcc0, tid 4457
04-25 13:32:21.148   544  4457 D HostConnection: HostComposition ext ANDROID_EMU_CHECKSUM_HELPER_v1 ANDROID_EMU_native_sync_v2 ANDROID_EMU_native_sync_v3 ANDROID_EMU_native_sync_v4 ANDROID_EMU_dma_v1 ANDROID_EMU_direct_mem ANDROID_EMU_vulkan ANDROID_EMU_deferred_vulkan_commands ANDROID_EMU_vulkan_null_optional_strings ANDROID_EMU_vulkan_create_resources_with_requirements ANDROID_EMU_YUV_Cache ANDROID_EMU_vulkan_ignored_handles ANDROID_EMU_has_shared_slots_host_memory_allocator ANDROID_EMU_vulkan_free_memory_sync ANDROID_EMU_vulkan_shader_float16_int8 ANDROID_EMU_vulkan_async_queue_submit ANDROID_EMU_sync_buffer_data ANDROID_EMU_vulkan_async_qsri ANDROID_EMU_read_color_buffer_dma GL_OES_vertex_array_object GL_KHR_texture_compression_astc_ldr ANDROID_EMU_host_side_tracing ANDROID_EMU_gles_max_version_2
04-25 13:32:21.148   544  4457 W OpenGLRenderer: Failed to choose config with EGL_SWAP_BEHAVIOR_PRESERVED, retrying without...
04-25 13:32:21.168   544  4457 D EGL_emulation: eglCreateContext: 0xf1afb030: maj 2 min 0 rcv 2
04-25 13:32:21.170   544  4457 D EGL_emulation: eglMakeCurrent: 0xf1afb030: ver 2 0 (tinfo 0xbc5884b0) (first time)
04-25 13:32:21.171   544  3213 D HostConnection: HostConnection::get() New Host Connection established 0xf1afc4c0, tid 3213
04-25 13:32:21.177   544  3213 D HostConnection: HostComposition ext ANDROID_EMU_CHECKSUM_HELPER_v1 ANDROID_EMU_native_sync_v2 ANDROID_EMU_native_sync_v3 ANDROID_EMU_native_sync_v4 ANDROID_EMU_dma_v1 ANDROID_EMU_direct_mem ANDROID_EMU_vulkan ANDROID_EMU_deferred_vulkan_commands ANDROID_EMU_vulkan_null_optional_strings ANDROID_EMU_vulkan_create_resources_with_requirements ANDROID_EMU_YUV_Cache ANDROID_EMU_vulkan_ignored_handles ANDROID_EMU_has_shared_slots_host_memory_allocator ANDROID_EMU_vulkan_free_memory_sync ANDROID_EMU_vulkan_shader_float16_int8 ANDROID_EMU_vulkan_async_queue_submit ANDROID_EMU_sync_buffer_data ANDROID_EMU_vulkan_async_qsri ANDROID_EMU_read_color_buffer_dma GL_OES_vertex_array_object GL_KHR_texture_compression_astc_ldr ANDROID_EMU_host_side_tracing ANDROID_EMU_gles_max_version_2
04-25 13:32:21.181 14520 14520 D AppCompatDelegate: Checking for metadata for AppLocalesMetadataHolderService : Service not found
04-25 13:32:21.197 14520 14520 D LifecycleMonitor: Lifecycle status change: com.example.parcial2.MainActivity@4f15d81 in: PRE_ON_CREATE
04-25 13:32:21.198 14520 14520 V ActivityScenario: Activity lifecycle changed event received but ignored because the reported transition was not ON_CREATE while the last known transition was PRE_ON_CREATE
04-25 13:32:21.325 14520 14520 W xample.parcial: Accessing hidden method Landroid/view/View;->computeFitSystemWindows(Landroid/graphics/Rect;Landroid/graphics/Rect;)Z (greylist, reflection, allowed)
04-25 13:32:21.326 14520 14520 W xample.parcial: Accessing hidden method Landroid/view/ViewGroup;->makeOptionalFitsSystemWindows()V (greylist, reflection, allowed)
04-25 13:32:21.511 14520 14520 D LifecycleMonitor: Lifecycle status change: com.example.parcial2.MainActivity@4f15d81 in: CREATED
04-25 13:32:21.511 14520 14520 V ActivityScenario: Update currentActivityStage to CREATED, currentActivity=com.example.parcial2.MainActivity@4f15d81
04-25 13:32:21.517 14520 14520 D LifecycleMonitor: Lifecycle status change: com.example.parcial2.MainActivity@4f15d81 in: STARTED
04-25 13:32:21.517 14520 14520 V ActivityScenario: Update currentActivityStage to STARTED, currentActivity=com.example.parcial2.MainActivity@4f15d81
04-25 13:32:21.519 14520 14520 D LifecycleMonitor: Lifecycle status change: com.example.parcial2.MainActivity@4f15d81 in: RESUMED
04-25 13:32:21.519 14520 14520 V ActivityScenario: Update currentActivityStage to RESUMED, currentActivity=com.example.parcial2.MainActivity@4f15d81
04-25 13:32:21.575 14520 14549 D HostConnection: HostConnection::get() New Host Connection established 0xf1ae4c10, tid 14549
04-25 13:32:21.618 14520 14549 D HostConnection: HostComposition ext ANDROID_EMU_CHECKSUM_HELPER_v1 ANDROID_EMU_native_sync_v2 ANDROID_EMU_native_sync_v3 ANDROID_EMU_native_sync_v4 ANDROID_EMU_dma_v1 ANDROID_EMU_direct_mem ANDROID_EMU_vulkan ANDROID_EMU_deferred_vulkan_commands ANDROID_EMU_vulkan_null_optional_strings ANDROID_EMU_vulkan_create_resources_with_requirements ANDROID_EMU_YUV_Cache ANDROID_EMU_vulkan_ignored_handles ANDROID_EMU_has_shared_slots_host_memory_allocator ANDROID_EMU_vulkan_free_memory_sync ANDROID_EMU_vulkan_shader_float16_int8 ANDROID_EMU_vulkan_async_queue_submit ANDROID_EMU_sync_buffer_data ANDROID_EMU_vulkan_async_qsri ANDROID_EMU_read_color_buffer_dma GL_OES_vertex_array_object GL_KHR_texture_compression_astc_ldr ANDROID_EMU_host_side_tracing ANDROID_EMU_gles_max_version_2
04-25 13:32:21.619   179   179 I hwservicemanager: getTransport: Cannot find entry android.hardware.configstore@1.0::ISurfaceFlingerConfigs/default in either framework or device manifest.
04-25 13:32:21.620 14520 14549 W OpenGLRenderer: Failed to choose config with EGL_SWAP_BEHAVIOR_PRESERVED, retrying without...
04-25 13:32:21.638 14520 14549 D EGL_emulation: eglCreateContext: 0xf1ae5460: maj 2 min 0 rcv 2
04-25 13:32:21.640 14520 14549 D EGL_emulation: eglMakeCurrent: 0xf1ae5460: ver 2 0 (tinfo 0xf1e35430) (first time)
04-25 13:32:21.646   324   324 D goldfish-address-space: claimShared: Ask to claim region [0x3f4000000 0x3f49e4000]
04-25 13:32:21.648   179   179 I hwservicemanager: getTransport: Cannot find entry android.hardware.graphics.mapper@4.0::IMapper/default in either framework or device manifest.
04-25 13:32:21.648 14520 14549 I Gralloc4: mapper 4.x is not supported
04-25 13:32:21.649 14520 14549 D HostConnection: createUnique: call
04-25 13:32:21.649 14520 14549 D HostConnection: HostConnection::get() New Host Connection established 0xf1ae6110, tid 14549
04-25 13:32:21.649 14520 14549 D goldfish-address-space: allocate: Ask for block of size 0x100
04-25 13:32:21.650 14520 14549 D goldfish-address-space: allocate: ioctl allocate returned offset 0x3f3ffe000 size 0x2000
04-25 13:32:21.654 14520 14549 D HostConnection: HostComposition ext ANDROID_EMU_CHECKSUM_HELPER_v1 ANDROID_EMU_native_sync_v2 ANDROID_EMU_native_sync_v3 ANDROID_EMU_native_sync_v4 ANDROID_EMU_dma_v1 ANDROID_EMU_direct_mem ANDROID_EMU_vulkan ANDROID_EMU_deferred_vulkan_commands ANDROID_EMU_vulkan_null_optional_strings ANDROID_EMU_vulkan_create_resources_with_requirements ANDROID_EMU_YUV_Cache ANDROID_EMU_vulkan_ignored_handles ANDROID_EMU_has_shared_slots_host_memory_allocator ANDROID_EMU_vulkan_free_memory_sync ANDROID_EMU_vulkan_shader_float16_int8 ANDROID_EMU_vulkan_async_queue_submit ANDROID_EMU_sync_buffer_data ANDROID_EMU_vulkan_async_qsri ANDROID_EMU_read_color_buffer_dma GL_OES_vertex_array_object GL_KHR_texture_compression_astc_ldr ANDROID_EMU_host_side_tracing ANDROID_EMU_gles_max_version_2
04-25 13:32:21.656   324   324 D goldfish-address-space: claimShared: Ask to claim region [0x3f49e4000 0x3f53c8000]
04-25 13:32:21.658   324   324 D goldfish-address-space: claimShared: Ask to claim region [0x3f53c8000 0x3f5dac000]
04-25 13:32:21.708   544   595 D ArtManagerInternalImpl: /data/misc/iorapd/com.example.parcial2/1/com.example.parcial2.MainActivity/compiled_traces/compiled_trace.pb doesn't exist
04-25 13:32:21.709   544   590 D EventSequenceValidator: Transition from ACTIVITY_LAUNCHED to ACTIVITY_FINISHED
04-25 13:32:21.710   544   595 I ActivityTaskManager: Displayed com.example.parcial2/.MainActivity: +711ms
04-25 13:32:21.801 14520 14542 W FileTestStorage: Output properties is not supported.
04-25 13:32:21.802 14520 14542 I Tracing : Tracer added: class androidx.test.platform.tracing.AndroidXTracer
04-25 13:32:21.819 14520 14542 D EventInjectionStrategy: Creating injection strategy with input manager.
04-25 13:32:21.820 14520 14542 W xample.parcial: Accessing hidden method Landroid/hardware/input/InputManager;->getInstance()Landroid/hardware/input/InputManager; (greylist, reflection, allowed)
04-25 13:32:21.820 14520 14542 W xample.parcial: Accessing hidden method Landroid/hardware/input/InputManager;->injectInputEvent(Landroid/view/InputEvent;I)Z (greylist, reflection, allowed)
04-25 13:32:21.820 14520 14542 W xample.parcial: Accessing hidden field Landroid/hardware/input/InputManager;->INJECT_INPUT_EVENT_MODE_WAIT_FOR_FINISH:I (greylist, reflection, allowed)
04-25 13:32:21.846 14520 14542 W xample.parcial: Accessing hidden method Landroid/view/ViewConfiguration;->getDoubleTapMinTime()I (greylist, reflection, allowed)
04-25 13:32:21.860 14520 14520 W xample.parcial: Accessing hidden method Landroid/os/MessageQueue;->next()Landroid/os/Message; (greylist, reflection, allowed)
04-25 13:32:21.860 14520 14520 W xample.parcial: Accessing hidden field Landroid/os/MessageQueue;->mMessages:Landroid/os/Message; (greylist, reflection, allowed)
04-25 13:32:21.860 14520 14520 W xample.parcial: Accessing hidden method Landroid/os/Message;->recycleUnchecked()V (greylist, reflection, allowed)
04-25 13:32:21.867 14520 14520 W xample.parcial: Accessing hidden method Landroid/view/WindowManagerGlobal;->getInstance()Landroid/view/WindowManagerGlobal; (greylist, reflection, allowed)
04-25 13:32:21.867 14520 14520 W xample.parcial: Accessing hidden field Landroid/view/WindowManagerGlobal;->mViews:Ljava/util/ArrayList; (greylist, reflection, allowed)
04-25 13:32:21.868 14520 14520 W xample.parcial: Accessing hidden field Landroid/view/WindowManagerGlobal;->mParams:Ljava/util/ArrayList; (greylist, reflection, allowed)
04-25 13:32:21.878 14520 14520 I ViewInteraction: Performing 'type text(3)' action on view view.getId() is <2131230891/com.example.parcial2:id/editTextTextPersonName>
04-25 13:32:21.963  1376  1376 I LatinIME: Starting input. Cursor position = 0,0
04-25 13:32:21.966 14520 14520 I AssistStructure: Flattened final assist data: 1468 bytes, containing 1 windows, 9 views
04-25 13:32:21.975  1487  1487 W kqw     : Pending fill request while another request in the same session was triggered. [CONTEXT service_id=177 ]
04-25 13:32:21.980  1398  1398 V InlineSuggestionRenderService: handleDestroySuggestionViews called for 0:1432251570
04-25 13:32:21.997   381   381 I android.hardware.vibrator-service.example: Vibrator reporting capabilities
04-25 13:32:22.016   324   324 D goldfish-address-space: claimShared: Ask to claim region [0x3f6a09000 0x3f73aa000]
04-25 13:32:22.030   324   324 D goldfish-address-space: claimShared: Ask to claim region [0x3f5dac000 0x3f674d000]
04-25 13:32:22.031   324   324 D goldfish-address-space: claimShared: Ask to claim region [0x3f8000000 0x3f89a1000]
04-25 13:32:22.085   324   324 D goldfish-address-space: claimShared: Ask to claim region [0x3f89a1000 0x3f9385000]
04-25 13:32:22.100   324   324 D goldfish-address-space: claimShared: Ask to claim region [0x3f9385000 0x3f9d69000]
04-25 13:32:22.221 14520 14520 D UiControllerImpl: Injecting string: "3"
04-25 13:32:22.267   324   324 D goldfish-address-space: claimShared: Ask to claim region [0x3f4000000 0x3f49e4000]
04-25 13:32:22.272 14520 14520 I ViewInteraction: Performing 'single click' action on view view.getId() is <2131230818/com.example.parcial2:id/button>
04-25 13:32:22.319   544  3220 I system_server: oneway function results will be dropped but finished with status OK and parcel size 4
04-25 13:32:22.319   544  3220 I chatty  : uid=1000(system) Binder:544_15 identical 1 line
04-25 13:32:22.319   544  3220 I system_server: oneway function results will be dropped but finished with status OK and parcel size 4
04-25 13:32:22.336 14520 14520 W UiControllerImpl: ignoring signal of: MOTION_INJECTION_HAS_COMPLETED from previous generation: 25 current generation: 26
04-25 13:32:22.347 14520 14563 V UiAutomation: Init UiAutomation@503c0ee[id=2, flags=0]
04-25 13:32:22.353 14520 14542 D HardwareRendererCompat: Failed to reflectively call HardwareRenderer#isDrawingEnabled. It probably doesn't exist on this platform. Returning true.
04-25 13:32:22.357 14520 14520 D takeScreenshot: Found 1 global views to redraw
04-25 13:32:22.375   324   324 D goldfish-address-space: claimShared: Ask to claim region [0x3f49e4000 0x3f53c8000]
04-25 13:32:22.386   179   179 I hwservicemanager: getTransport: Cannot find entry android.hardware.graphics.mapper@4.0::IMapper/default in either framework or device manifest.
04-25 13:32:22.386 14506 14519 I Gralloc4: mapper 4.x is not supported
04-25 13:32:22.391 14506 14519 D HostConnection: createUnique: call
04-25 13:32:22.391 14506 14519 D HostConnection: HostConnection::get() New Host Connection established 0xf5e41890, tid 14519
04-25 13:32:22.392 14506 14519 D goldfish-address-space: allocate: Ask for block of size 0x100
04-25 13:32:22.392 14506 14519 D goldfish-address-space: allocate: ioctl allocate returned offset 0x3f3ffe000 size 0x2000
04-25 13:32:22.397 14506 14519 D HostConnection: HostComposition ext ANDROID_EMU_CHECKSUM_HELPER_v1 ANDROID_EMU_native_sync_v2 ANDROID_EMU_native_sync_v3 ANDROID_EMU_native_sync_v4 ANDROID_EMU_dma_v1 ANDROID_EMU_direct_mem ANDROID_EMU_vulkan ANDROID_EMU_deferred_vulkan_commands ANDROID_EMU_vulkan_null_optional_strings ANDROID_EMU_vulkan_create_resources_with_requirements ANDROID_EMU_YUV_Cache ANDROID_EMU_vulkan_ignored_handles ANDROID_EMU_has_shared_slots_host_memory_allocator ANDROID_EMU_vulkan_free_memory_sync ANDROID_EMU_vulkan_shader_float16_int8 ANDROID_EMU_vulkan_async_queue_submit ANDROID_EMU_sync_buffer_data ANDROID_EMU_vulkan_async_qsri ANDROID_EMU_read_color_buffer_dma GL_OES_vertex_array_object GL_KHR_texture_compression_astc_ldr ANDROID_EMU_host_side_tracing ANDROID_EMU_gles_max_version_2
04-25 13:32:22.404 14506 14565 D libEGL  : loaded /vendor/lib/egl/libEGL_emulation.so
04-25 13:32:22.406 14506 14565 D libEGL  : loaded /vendor/lib/egl/libGLESv1_CM_emulation.so
04-25 13:32:22.410 14506 14565 D libEGL  : loaded /vendor/lib/egl/libGLESv2_emulation.so
04-25 13:32:22.436 14506 14565 D HostConnection: HostConnection::get() New Host Connection established 0xf5e41eb0, tid 14565
04-25 13:32:22.440 14506 14565 D HostConnection: HostComposition ext ANDROID_EMU_CHECKSUM_HELPER_v1 ANDROID_EMU_native_sync_v2 ANDROID_EMU_native_sync_v3 ANDROID_EMU_native_sync_v4 ANDROID_EMU_dma_v1 ANDROID_EMU_direct_mem ANDROID_EMU_vulkan ANDROID_EMU_deferred_vulkan_commands ANDROID_EMU_vulkan_null_optional_strings ANDROID_EMU_vulkan_create_resources_with_requirements ANDROID_EMU_YUV_Cache ANDROID_EMU_vulkan_ignored_handles ANDROID_EMU_has_shared_slots_host_memory_allocator ANDROID_EMU_vulkan_free_memory_sync ANDROID_EMU_vulkan_shader_float16_int8 ANDROID_EMU_vulkan_async_queue_submit ANDROID_EMU_sync_buffer_data ANDROID_EMU_vulkan_async_qsri ANDROID_EMU_read_color_buffer_dma GL_OES_vertex_array_object GL_KHR_texture_compression_astc_ldr ANDROID_EMU_host_side_tracing ANDROID_EMU_gles_max_version_2
04-25 13:32:22.441   179   179 I hwservicemanager: getTransport: Cannot find entry android.hardware.configstore@1.0::ISurfaceFlingerConfigs/default in either framework or device manifest.
04-25 13:32:22.442 14506 14565 W OpenGLRenderer: Failed to choose config with EGL_SWAP_BEHAVIOR_PRESERVED, retrying without...
04-25 13:32:22.456   544  3220 I system_server: oneway function results will be dropped but finished with status OK and parcel size 4
04-25 13:32:22.460 14506 14565 D EGL_emulation: eglCreateContext: 0xf5e42380: maj 2 min 0 rcv 2
04-25 13:32:22.462 14506 14565 D EGL_emulation: eglMakeCurrent: 0xf5e42380: ver 2 0 (tinfo 0xf6196c70) (first time)
04-25 13:32:22.684   544   590 D EventSequenceValidator: Transition from ACTIVITY_FINISHED to INTENT_STARTED
04-25 13:32:22.687   415   415 I perfetto: ing_service_impl.cc:758 Configured tracing session 16, #sources:1, duration:5000 ms, #buffers:1, total buffer size:4096 KB, total sessions:2, uid:1071 session name: ""
04-25 13:32:22.688   412   412 I perfetto: probes_producer.cc:230  Ftrace setup (target_buf=16)
04-25 13:32:22.702 14520 14520 D LifecycleMonitor: Lifecycle status change: com.example.parcial2.MainActivity@4f15d81 in: PAUSED
04-25 13:32:22.702 14520 14520 V ActivityScenario: Update currentActivityStage to PAUSED, currentActivity=com.example.parcial2.MainActivity@4f15d81
04-25 13:32:22.706   544   590 D EventSequenceValidator: Transition from INTENT_STARTED to ACTIVITY_LAUNCHED
04-25 13:32:22.713   297   297 D Zygote  : Forked child process 14572
04-25 13:32:22.737   324   324 D goldfish-address-space: claimShared: Ask to claim region [0x3f53c8000 0x3f5dac000]
04-25 13:32:22.757 14572 14572 I e.parcial2.tes: Late-enabling -Xcheck:jni
04-25 13:32:22.772 14572 14572 I e.parcial2.tes: Unquickening 12 vdex files!
04-25 13:32:22.774 14572 14572 W e.parcial2.tes: Unexpected CPU variant for X86 using defaults: x86
04-25 13:32:22.787   403   431 I adbd    : jdwp connection from 14572
04-25 13:32:22.803   544   941 W InputReader: Device virtio_input_multi_touch_9 is associated with display ADISPLAY_ID_NONE.
04-25 13:32:22.803   544   941 W InputReader: Device virtio_input_multi_touch_7 is associated with display ADISPLAY_ID_NONE.
04-25 13:32:22.804   544   941 W InputReader: Device virtio_input_multi_touch_10 is associated with display ADISPLAY_ID_NONE.
04-25 13:32:22.804   544   941 W InputReader: Device virtio_input_multi_touch_4 is associated with display ADISPLAY_ID_NONE.
04-25 13:32:22.804   544   941 W InputReader: Device virtio_input_multi_touch_11 is associated with display ADISPLAY_ID_NONE.
04-25 13:32:22.804   544   941 W InputReader: Device virtio_input_multi_touch_6 is associated with display ADISPLAY_ID_NONE.
04-25 13:32:22.804   544   941 W InputReader: Device virtio_input_multi_touch_5 is associated with display ADISPLAY_ID_NONE.
04-25 13:32:22.804   544   941 W InputReader: Device virtio_input_multi_touch_3 is associated with display ADISPLAY_ID_NONE.
04-25 13:32:22.804   544   941 W InputReader: Device virtio_input_multi_touch_2 is associated with display ADISPLAY_ID_NONE.
04-25 13:32:22.804   544   941 W InputReader: Device virtio_input_multi_touch_8 is associated with display ADISPLAY_ID_NONE.
04-25 13:32:22.804   544   941 W InputReader: Device virtio_input_multi_touch_9 is associated with display ADISPLAY_ID_NONE.
04-25 13:32:22.804   544   941 W InputReader: Device virtio_input_multi_touch_7 is associated with display ADISPLAY_ID_NONE.
04-25 13:32:22.804   544   941 W InputReader: Device virtio_input_multi_touch_10 is associated with display ADISPLAY_ID_NONE.
04-25 13:32:22.804   544   941 W InputReader: Device virtio_input_multi_touch_4 is associated with display ADISPLAY_ID_NONE.
04-25 13:32:22.804   544   941 W InputReader: Device virtio_input_multi_touch_11 is associated with display ADISPLAY_ID_NONE.
04-25 13:32:22.804   544   941 W InputReader: Device virtio_input_multi_touch_6 is associated with display ADISPLAY_ID_NONE.
04-25 13:32:22.804   544   941 W InputReader: Device virtio_input_multi_touch_5 is associated with display ADISPLAY_ID_NONE.
04-25 13:32:22.804   544   941 W InputReader: Device virtio_input_multi_touch_3 is associated with display ADISPLAY_ID_NONE.
04-25 13:32:22.804   544   941 W InputReader: Device virtio_input_multi_touch_2 is associated with display ADISPLAY_ID_NONE.
04-25 13:32:22.804   544   941 W InputReader: Device virtio_input_multi_touch_8 is associated with display ADISPLAY_ID_NONE.
04-25 13:32:22.815   324   324 D goldfish-address-space: claimShared: Ask to claim region [0x3f9d69000 0x3fa74d000]
04-25 13:32:22.840 14572 14572 D ApplicationLoaders: Returning zygote-cached class loader: /system/framework/android.test.base.jar
04-25 13:32:22.840 14572 14572 D ApplicationLoaders: Returning zygote-cached class loader: /system/framework/android.test.base.jar
04-25 13:32:22.845 14572 14572 I e.parcial2.tes: The ClassLoaderContext is a special shared library.
04-25 13:32:22.846   324   324 D goldfish-address-space: claimShared: Ask to claim region [0x3f4000000 0x3f49e4000]
04-25 13:32:22.849 14572 14572 D ApplicationLoaders: Returning zygote-cached class loader: /system/framework/android.test.base.jar
04-25 13:32:22.849 14572 14572 D ApplicationLoaders: Returning zygote-cached class loader: /system/framework/android.test.base.jar
04-25 13:32:22.857   544  3500 D HostConnection: HostConnection::get() New Host Connection established 0xf1af3b60, tid 3500
04-25 13:32:22.862   544  3500 D HostConnection: HostComposition ext ANDROID_EMU_CHECKSUM_HELPER_v1 ANDROID_EMU_native_sync_v2 ANDROID_EMU_native_sync_v3 ANDROID_EMU_native_sync_v4 ANDROID_EMU_dma_v1 ANDROID_EMU_direct_mem ANDROID_EMU_vulkan ANDROID_EMU_deferred_vulkan_commands ANDROID_EMU_vulkan_null_optional_strings ANDROID_EMU_vulkan_create_resources_with_requirements ANDROID_EMU_YUV_Cache ANDROID_EMU_vulkan_ignored_handles ANDROID_EMU_has_shared_slots_host_memory_allocator ANDROID_EMU_vulkan_free_memory_sync ANDROID_EMU_vulkan_shader_float16_int8 ANDROID_EMU_vulkan_async_queue_submit ANDROID_EMU_sync_buffer_data ANDROID_EMU_vulkan_async_qsri ANDROID_EMU_read_color_buffer_dma GL_OES_vertex_array_object GL_KHR_texture_compression_astc_ldr ANDROID_EMU_host_side_tracing ANDROID_EMU_gles_max_version_2
04-25 13:32:22.862   544  3500 W OpenGLRenderer: Failed to choose config with EGL_SWAP_BEHAVIOR_PRESERVED, retrying without...
04-25 13:32:22.862 14572 14572 I e.parcial2.tes: The ClassLoaderContext is a special shared library.
04-25 13:32:22.883   544  3500 D EGL_emulation: eglCreateContext: 0xf1af77c0: maj 2 min 0 rcv 2
04-25 13:32:22.887 14572 14572 D NetworkSecurityConfig: No Network Security Config specified, using platform default
04-25 13:32:22.888 14572 14572 D NetworkSecurityConfig: No Network Security Config specified, using platform default
04-25 13:32:22.888   544  3500 D EGL_emulation: eglMakeCurrent: 0xf1af77c0: ver 2 0 (tinfo 0xbc591e50) (first time)
04-25 13:32:22.910 14572 14597 D libEGL  : loaded /vendor/lib/egl/libEGL_emulation.so
04-25 13:32:22.913 14572 14597 D libEGL  : loaded /vendor/lib/egl/libGLESv1_CM_emulation.so
04-25 13:32:22.922 14572 14597 D libEGL  : loaded /vendor/lib/egl/libGLESv2_emulation.so
04-25 13:32:22.962 14520 14520 D LifecycleMonitor: Lifecycle status change: com.example.parcial2.MainActivity@4f15d81 in: STOPPED
04-25 13:32:22.962 14520 14520 V ActivityScenario: Update currentActivityStage to STOPPED, currentActivity=com.example.parcial2.MainActivity@4f15d81
04-25 13:32:22.963 14520 14520 D AutofillManager: onActivityFinishing(): calling cancelLocked()
04-25 13:32:22.964 14520 14520 D LifecycleMonitor: Lifecycle status change: com.example.parcial2.MainActivity@4f15d81 in: DESTROYED
04-25 13:32:22.964 14520 14520 V ActivityScenario: Update currentActivityStage to DESTROYED, currentActivity=null
04-25 13:32:22.975   324   324 D goldfish-address-space: claimShared: Ask to claim region [0x3f89a1000 0x3f9385000]
04-25 13:32:22.998 14520 14542 E TestRunner: failed: testNumber(com.example.parcial2.Fibonacci_IU)
04-25 13:32:22.998 14520 14542 E TestRunner: ----- begin exception -----
04-25 13:32:23.000 14520 14542 E TestRunner: androidx.test.espresso.PerformException: Error performing 'single click - At Coordinates: 538, 1239 and precision: 16, 16' on view 'Animations or transitions are enabled on the target device.
04-25 13:32:23.000 14520 14542 E TestRunner: For more info check: https://developer.android.com/training/testing/espresso/setup#set-up-environment
04-25 13:32:23.000 14520 14542 E TestRunner:
04-25 13:32:23.000 14520 14542 E TestRunner: view.getId() is <2131230818/com.example.parcial2:id/button>'.
04-25 13:32:23.000 14520 14542 E TestRunner: 	at androidx.test.espresso.PerformException$Builder.build(PerformException.java:1)
04-25 13:32:23.000 14520 14542 E TestRunner: 	at androidx.test.espresso.base.PerformExceptionHandler.handleSafely(PerformExceptionHandler.java:8)
04-25 13:32:23.000 14520 14542 E TestRunner: 	at androidx.test.espresso.base.PerformExceptionHandler.handleSafely(PerformExceptionHandler.java:9)
04-25 13:32:23.000 14520 14542 E TestRunner: 	at androidx.test.espresso.base.DefaultFailureHandler$TypedFailureHandler.handle(DefaultFailureHandler.java:4)
04-25 13:32:23.000 14520 14542 E TestRunner: 	at androidx.test.espresso.base.DefaultFailureHandler.handle(DefaultFailureHandler.java:5)
04-25 13:32:23.000 14520 14542 E TestRunner: 	at androidx.test.espresso.ViewInteraction.waitForAndHandleInteractionResults(ViewInteraction.java:8)
04-25 13:32:23.000 14520 14542 E TestRunner: 	at androidx.test.espresso.ViewInteraction.desugaredPerform(ViewInteraction.java:11)
04-25 13:32:23.000 14520 14542 E TestRunner: 	at androidx.test.espresso.ViewInteraction.perform(ViewInteraction.java:8)
04-25 13:32:23.000 14520 14542 E TestRunner: 	at com.example.parcial2.Fibonacci_IU.testNumber(Fibonacci_IU.java:30)
04-25 13:32:23.000 14520 14542 E TestRunner: 	at java.lang.reflect.Method.invoke(Native Method)
04-25 13:32:23.000 14520 14542 E TestRunner: 	at org.junit.runners.model.FrameworkMethod$1.runReflectiveCall(FrameworkMethod.java:59)
04-25 13:32:23.000 14520 14542 E TestRunner: 	at org.junit.internal.runners.model.ReflectiveCallable.run(ReflectiveCallable.java:12)
04-25 13:32:23.000 14520 14542 E TestRunner: 	at org.junit.runners.model.FrameworkMethod.invokeExplosively(FrameworkMethod.java:56)
04-25 13:32:23.000 14520 14542 E TestRunner: 	at org.junit.internal.runners.statements.InvokeMethod.evaluate(InvokeMethod.java:17)
04-25 13:32:23.000 14520 14542 E TestRunner: 	at org.junit.rules.ExternalResource$1.evaluate(ExternalResource.java:54)
04-25 13:32:23.000 14520 14542 E TestRunner: 	at org.junit.runners.ParentRunner$3.evaluate(ParentRunner.java:306)
04-25 13:32:23.000 14520 14542 E TestRunner: 	at org.junit.runners.BlockJUnit4ClassRunner$1.evaluate(BlockJUnit4ClassRunner.java:100)
04-25 13:32:23.000 14520 14542 E TestRunner: 	at org.junit.runners.ParentRunner.runLeaf(ParentRunner.java:366)
04-25 13:32:23.000 14520 14542 E TestRunner: 	at org.junit.runners.BlockJUnit4ClassRunner.runChild(BlockJUnit4ClassRunner.java:103)
04-25 13:32:23.000 14520 14542 E TestRunner: 	at org.junit.runners.BlockJUnit4ClassRunner.runChild(BlockJUnit4ClassRunner.java:63)
04-25 13:32:23.000 14520 14542 E TestRunner: 	at org.junit.runners.ParentRunner$4.run(ParentRunner.java:331)
04-25 13:32:23.000 14520 14542 E TestRunner: 	at org.junit.runners.ParentRunner$1.schedule(ParentRunner.java:79)
04-25 13:32:23.000 14520 14542 E TestRunner: 	at org.junit.runners.ParentRunner.runChildren(ParentRunner.java:329)
04-25 13:32:23.000 14520 14542 E TestRunner: 	at org.junit.runners.ParentRunner.access$100(ParentRunner.java:66)
04-25 13:32:23.000 14520 14542 E TestRunner: 	at org.junit.runners.ParentRunner$2.evaluate(ParentRunner.java:293)
04-25 13:32:23.000 14520 14542 E TestRunner: 	at org.junit.runners.ParentRunner$3.evaluate(ParentRunner.java:306)
04-25 13:32:23.000 14520 14542 E TestRunner: 	at org.junit.runners.ParentRunner.run(ParentRunner.java:413)
04-25 13:32:23.000 14520 14542 E TestRunner: 	at androidx.test.ext.junit.runners.AndroidJUnit4.run(AndroidJUnit4.java:162)
04-25 13:32:23.000 14520 14542 E TestRunner: 	at org.junit.runners.Suite.runChild(Suite.java:128)
04-25 13:32:23.000 14520 14542 E TestRunner: 	at org.junit.runners.Suite.runChild(Suite.java:27)
04-25 13:32:23.000 14520 14542 E TestRunner: 	at org.junit.runners.ParentRunner$4.run(ParentRunner.java:331)
04-25 13:32:23.000 14520 14542 E TestRunner: 	at org.junit.runners.ParentRunner$1.schedule(ParentRunner.java:79)
04-25 13:32:23.000 14520 14542 E TestRunner: 	at org.junit.runners.ParentRunner.runChildren(ParentRunner.java:329)
04-25 13:32:23.000 14520 14542 E TestRunner: 	at org.junit.runners.ParentRunner.access$100(ParentRunner.java:66)
04-25 13:32:23.000 14520 14542 E TestRunner: 	at org.junit.runners.ParentRunner$2.evaluate(ParentRunner.java:293)
04-25 13:32:23.000 14520 14542 E TestRunner: 	at org.junit.runners.ParentRunner$3.evaluate(ParentRunner.java:306)
04-25 13:32:23.000 14520 14542 E TestRunner: 	at org.junit.runners.ParentRunner.run(ParentRunner.java:413)
04-25 13:32:23.000 14520 14542 E TestRunner: 	at org.junit.runner.JUnitCore.run(JUnitCore.java:137)
04-25 13:32:23.000 14520 14542 E TestRunner: 	at org.junit.runner.JUnitCore.run(JUnitCore.java:115)
04-25 13:32:23.000 14520 14542 E TestRunner: 	at androidx.test.internal.runner.TestExecutor.execute(TestExecutor.java:67)
04-25 13:32:23.000 14520 14542 E TestRunner: 	at androidx.test.internal.runner.TestExecutor.execute(TestExecutor.java:58)
04-25 13:32:23.000 14520 14542 E TestRunner: 	at androidx.test.runner.AndroidJUnitRunner.onStart(AndroidJUnitRunner.java:446)
04-25 13:32:23.000 14520 14542 E TestRunner: 	at android.app.Instrumentation$InstrumentationThread.run(Instrumentation.java:2205)
04-25 13:32:23.000 14520 14542 E TestRunner: Caused by: java.lang.IllegalStateException: Could not execute method for android:onClick
04-25 13:32:23.000 14520 14542 E TestRunner: 	at androidx.appcompat.app.AppCompatViewInflater$DeclaredOnClickListener.onClick(AppCompatViewInflater.java:473)
04-25 13:32:23.000 14520 14542 E TestRunner: 	at android.view.View.performClick(View.java:7448)
04-25 13:32:23.000 14520 14542 E TestRunner: 	at com.google.android.material.button.MaterialButton.performClick(MaterialButton.java:1202)
04-25 13:32:23.000 14520 14542 E TestRunner: 	at android.view.View.performClickInternal(View.java:7425)
04-25 13:32:23.000 14520 14542 E TestRunner: 	at android.view.View.access$3600(View.java:810)
04-25 13:32:23.000 14520 14542 E TestRunner: 	at android.view.View$PerformClick.run(View.java:28305)
04-25 13:32:23.000 14520 14542 E TestRunner: 	at android.os.Handler.handleCallback(Handler.java:938)
04-25 13:32:23.000 14520 14542 E TestRunner: 	at android.os.Handler.dispatchMessage(Handler.java:99)
04-25 13:32:23.000 14520 14542 E TestRunner: 	at androidx.test.espresso.base.Interrogator.loopAndInterrogate(Interrogator.java:14)
04-25 13:32:23.000 14520 14542 E TestRunner: 	at androidx.test.espresso.base.UiControllerImpl.loopUntil(UiControllerImpl.java:8)
04-25 13:32:23.000 14520 14542 E TestRunner: 	at androidx.test.espresso.base.UiControllerImpl.loopUntil(UiControllerImpl.java:1)
04-25 13:32:23.000 14520 14542 E TestRunner: 	at androidx.test.espresso.base.UiControllerImpl.injectMotionEvent(UiControllerImpl.java:5)
04-25 13:32:23.000 14520 14542 E TestRunner: 	at androidx.test.espresso.action.MotionEvents.sendUp(MotionEvents.java:7)
04-25 13:32:23.000 14520 14542 E TestRunner: 	at androidx.test.espresso.action.MotionEvents.sendUp(MotionEvents.java:1)
04-25 13:32:23.000 14520 14542 E TestRunner: 	at androidx.test.espresso.action.Tap.sendSingleTap(Tap.java:5)
04-25 13:32:23.000 14520 14542 E TestRunner: 	at androidx.test.espresso.action.Tap.-$$Nest$smsendSingleTap(Unknown Source:0)
04-25 13:32:23.000 14520 14542 E TestRunner: 	at androidx.test.espresso.action.Tap$1.sendTap(Tap.java:3)
04-25 13:32:23.000 14520 14542 E TestRunner: 	at androidx.test.espresso.action.GeneralClickAction.perform(GeneralClickAction.java:6)
04-25 13:32:23.000 14520 14542 E TestRunner: 	at androidx.test.espresso.ViewInteraction$SingleExecutionViewAction.perform(ViewInteraction.java:2)
04-25 13:32:23.000 14520 14542 E TestRunner: 	at androidx.test.espresso.ViewInteraction.doPerform(ViewInteraction.java:25)
04-25 13:32:23.000 14520 14542 E TestRunner: 	at androidx.test.espresso.ViewInteraction.-$$Nest$mdoPerform(Unknown Source:0)
04-25 13:32:23.000 14520 14542 E TestRunner: 	at androidx.test.espresso.ViewInteraction$1.call(ViewInteraction.java:7)
04-25 13:32:23.000 14520 14542 E TestRunner: 	at androidx.test.espresso.ViewInteraction$1.call(ViewInteraction.java:1)
04-25 13:32:23.000 14520 14542 E TestRunner: 	at java.util.concurrent.FutureTask.run(FutureTask.java:266)
04-25 13:32:23.000 14520 14542 E TestRunner: 	at android.os.Handler.handleCallback(Handler.java:938)
04-25 13:32:23.000 14520 14542 E TestRunner: 	at android.os.Handler.dispatchMessage(Handler.java:99)
04-25 13:32:23.000 14520 14542 E TestRunner: 	at android.os.Looper.loop(Looper.java:223)
04-25 13:32:23.000 14520 14542 E TestRunner: 	at android.app.ActivityThread.main(ActivityThread.java:7656)
04-25 13:32:23.000 14520 14542 E TestRunner: 	at java.lang.reflect.Method.invoke(Native Method)
04-25 13:32:23.000 14520 14542 E TestRunner: 	at com.android.internal.os.RuntimeInit$MethodAndArgsCaller.run(RuntimeInit.java:592)
04-25 13:32:23.000 14520 14542 E TestRunner: 	at com.android.internal.os.ZygoteInit.main(ZygoteInit.java:947)
04-25 13:32:23.000 14520 14542 E TestRunner: Caused by: java.lang.reflect.InvocationTargetException
04-25 13:32:23.000 14520 14542 E TestRunner: 	at java.lang.reflect.Method.invoke(Native Method)
04-25 13:32:23.000 14520 14542 E TestRunner: 	at androidx.appcompat.app.AppCompatViewInflater$DeclaredOnClickListener.onClick(AppCompatViewInflater.java:468)
04-25 13:32:23.000 14520 14542 E TestRunner: 	... 30 more
04-25 13:32:23.000 14520 14542 E TestRunner: Caused by: java.lang.NumberFormatException: For input string: "androidx.appcompat.widget.AppCompatEditText{deb32ea VFED..CL. .F...... 263,562-813,680 #7f0800ab app:id/editTextTextPersonName aid=1073741824}"
04-25 13:32:23.000 14520 14542 E TestRunner: 	at java.lang.Integer.parseInt(Integer.java:615)
04-25 13:32:23.000 14520 14542 E TestRunner: 	at java.lang.Integer.valueOf(Integer.java:801)
04-25 13:32:23.000 14520 14542 E TestRunner: 	at com.example.parcial2.MainActivity.Fibonacci(MainActivity.java:36)
04-25 13:32:23.000 14520 14542 E TestRunner: 	... 32 more
04-25 13:32:23.000 14520 14542 E TestRunner: ----- end exception -----
04-25 13:32:23.008 14572 14595 D HostConnection: HostConnection::get() New Host Connection established 0xf1ad9990, tid 14595
04-25 13:32:23.012 14572 14595 D HostConnection: HostComposition ext ANDROID_EMU_CHECKSUM_HELPER_v1 ANDROID_EMU_native_sync_v2 ANDROID_EMU_native_sync_v3 ANDROID_EMU_native_sync_v4 ANDROID_EMU_dma_v1 ANDROID_EMU_direct_mem ANDROID_EMU_vulkan ANDROID_EMU_deferred_vulkan_commands ANDROID_EMU_vulkan_null_optional_strings ANDROID_EMU_vulkan_create_resources_with_requirements ANDROID_EMU_YUV_Cache ANDROID_EMU_vulkan_ignored_handles ANDROID_EMU_has_shared_slots_host_memory_allocator ANDROID_EMU_vulkan_free_memory_sync ANDROID_EMU_vulkan_shader_float16_int8 ANDROID_EMU_vulkan_async_queue_submit ANDROID_EMU_sync_buffer_data ANDROID_EMU_vulkan_async_qsri ANDROID_EMU_read_color_buffer_dma GL_OES_vertex_array_object GL_KHR_texture_compression_astc_ldr ANDROID_EMU_host_side_tracing ANDROID_EMU_gles_max_version_2
04-25 13:32:23.013   179   179 I hwservicemanager: getTransport: Cannot find entry android.hardware.configstore@1.0::ISurfaceFlingerConfigs/default in either framework or device manifest.
04-25 13:32:23.013 14520 14542 I TestRunner: finished: testNumber(com.example.parcial2.Fibonacci_IU)
